C:\temp_flutter\flutter\bin\flutter.bat : Package file_picker:linux references 
file_picker:linux as the default plugin, but it does not provide an inline implementation.
No linha:1 caractere:36
+ ... n\frontend; C:\temp_flutter\flutter\bin\flutter.bat run -d chrome 2>& ...
+                 ~~~~~~~~~~~~~~~~~~~~~~~~~~~~~~~~~~~~~~~~~~~~~~~~~~~~~~~~~
    + CategoryInfo          : NotSpecified: (Package file_pi...implementation.:String) [], Re 
   moteException
    + FullyQualifiedErrorId : NativeCommandError
 
Ask the maintainers of file_picker to either avoid referencing a default implementation via 
`platforms: linux: default_package: file_picker` or add an inline implementation to 
file_picker via `platforms: linux:` `pluginClass` or `dartPluginClass`.

Package file_picker:macos references file_picker:macos as the default plugin, but it does not 
provide an inline implementation.
Ask the maintainers of file_picker to either avoid referencing a default implementation via 
`platforms: macos: default_package: file_picker` or add an inline implementation to 
file_picker via `platforms: macos:` `pluginClass` or `dartPluginClass`.

Package file_picker:windows references file_picker:windows as the default plugin, but it does 
not provide an inline implementation.
Ask the maintainers of file_picker to either avoid referencing a default implementation via 
`platforms: windows: default_package: file_picker` or add an inline implementation to 
file_picker via `platforms: windows:` `pluginClass` or `dartPluginClass`.

Package file_picker:linux references file_picker:linux as the default plugin, but it does not 
provide an inline implementation.
Ask the maintainers of file_picker to either avoid referencing a default implementation via 
`platforms: linux: default_package: file_picker` or add an inline implementation to 
file_picker via `platforms: linux:` `pluginClass` or `dartPluginClass`.

Package file_picker:macos references file_picker:macos as the default plugin, but it does not 
provide an inline implementation.
Ask the maintainers of file_picker to either avoid referencing a default implementation via 
`platforms: macos: default_package: file_picker` or add an inline implementation to 
file_picker via `platforms: macos:` `pluginClass` or `dartPluginClass`.

Package file_picker:windows references file_picker:windows as the default plugin, but it does 
not provide an inline implementation.
Ask the maintainers of file_picker to either avoid referencing a default implementation via 
`platforms: windows: default_package: file_picker` or add an inline implementation to 
file_picker via `platforms: windows:` `pluginClass` or `dartPluginClass`.

Package file_picker:linux references file_picker:linux as the default plugin, but it does not 
provide an inline implementation.
Ask the maintainers of file_picker to either avoid referencing a default implementation via 
`platforms: linux: default_package: file_picker` or add an inline implementation to 
file_picker via `platforms: linux:` `pluginClass` or `dartPluginClass`.

Package file_picker:macos references file_picker:macos as the default plugin, but it does not 
provide an inline implementation.
Ask the maintainers of file_picker to either avoid referencing a default implementation via 
`platforms: macos: default_package: file_picker` or add an inline implementation to 
file_picker via `platforms: macos:` `pluginClass` or `dartPluginClass`.

Package file_picker:windows references file_picker:windows as the default plugin, but it does 
not provide an inline implementation.
Ask the maintainers of file_picker to either avoid referencing a default implementation via 
`platforms: windows: default_package: file_picker` or add an inline implementation to 
file_picker via `platforms: windows:` `pluginClass` or `dartPluginClass`.

Launching lib\main.dart on Chrome in debug mode...
Waiting for connection from debug service on Chrome...          
Package file_picker:linux references file_picker:linux as the default plugin, but it does not 
provide an inline implementation.
Ask the maintainers of file_picker to either avoid referencing a default implementation via 
`platforms: linux: default_package: file_picker` or add an inline implementation to 
file_picker via `platforms: linux:` `pluginClass` or `dartPluginClass`.

Package file_picker:macos references file_picker:macos as the default plugin, but it does not 
provide an inline implementation.
Ask the maintainers of file_picker to either avoid referencing a default implementation via 
`platforms: macos: default_package: file_picker` or add an inline implementation to 
file_picker via `platforms: macos:` `pluginClass` or `dartPluginClass`.

Package file_picker:windows references file_picker:windows as the default plugin, but it does 
not provide an inline implementation.
Ask the maintainers of file_picker to either avoid referencing a default implementation via 
`platforms: windows: default_package: file_picker` or add an inline implementation to 
file_picker via `platforms: windows:` `pluginClass` or `dartPluginClass`.

